Region Report
--------------------------------------------------
file: r.0.0.mca âœ˜
+---------+-----------+----------+----------+-----------+-------------+--------------+------------+-------------+
| Problem | Corrupted | Wrong l. | Entities | Shared o. | Missing tag | Total chunks | All Chunks | Not Created |
+---------+-----------+----------+----------+-----------+-------------+--------------+------------+-------------+
| Counts  | 0         | 0        | 0        | 0         | 0           | 0            | 0          | 0           |
+---------+-----------+----------+----------+-----------+-------------+--------------+------------+-------------+
